// Jest Snapshot v1, https://goo.gl/fbAQLP

exports[`ListViewInfo should match the snapshot 1`] = `
<div
  onClick={[Function]}
  style={
    Object {
      "alignItems": "center",
      "display": "flex",
      "flexDirection": "row",
      "justifyContent": "flex-start",
      "width": "initial",
    }
  }
>
  <svg
    aria-hidden={true}
    className="MuiSvgIcon-root MuiSvgIcon-fontSizeMedium makeStyles-icon-2 css-i4bv87-MuiSvgIcon-root"
    data-testid="InfoIcon"
    focusable="false"
    viewBox="0 0 24 24"
  >
    <path
      d="M12 2C6.48 2 2 6.48 2 12s4.48 10 10 10 10-4.48 10-10S17.52 2 12 2zm1 15h-2v-6h2v6zm0-8h-2V7h2v2z"
    />
  </svg>
  <span
    className="makeStyles-text-1"
  >
    listView.noteMessage
  </span>
</div>
`;
