// Jest Snapshot v1, https://goo.gl/fbAQLP

exports[`NoteItem should match snapshot 1`] = `
<div
  className="MuiPaper-root MuiPaper-elevation MuiPaper-rounded MuiPaper-elevation1 MuiCard-root makeStyles-container-1 css-bhp9pd-MuiPaper-root-MuiCard-root"
  onClick={[Function]}
>
  <div
    className="MuiCardContent-root css-46bh2p-MuiCardContent-root"
  >
    <div
      className="MuiTypography-root MuiTypography-h5 css-ag7rrr-MuiTypography-root"
    >
      Note 1
    </div>
    <p
      className="MuiTypography-root MuiTypography-body1 MuiTypography-gutterBottom makeStyles-description-2 css-1ydyjjr-MuiTypography-root"
    >
      new task for 123 
    </p>
  </div>
  <div
    className="MuiCardActions-root MuiCardActions-spacing makeStyles-cardActions-3 css-1t6e9jv-MuiCardActions-root"
  >
    <div
      className="makeStyles-date-5"
    >
      02 Oct, 2020, 00:00
    </div>
    <button
      className="MuiButtonBase-root MuiIconButton-root MuiIconButton-sizeMedium makeStyles-deleteButton-4 css-78trlr-MuiButtonBase-root-MuiIconButton-root"
      disabled={false}
      onBlur={[Function]}
      onClick={[Function]}
      onContextMenu={[Function]}
      onDragLeave={[Function]}
      onFocus={[Function]}
      onKeyDown={[Function]}
      onKeyUp={[Function]}
      onMouseDown={[Function]}
      onMouseLeave={[Function]}
      onMouseUp={[Function]}
      onTouchEnd={[Function]}
      onTouchMove={[Function]}
      onTouchStart={[Function]}
      tabIndex={0}
      type="button"
    >
      <svg
        aria-hidden={true}
        className="MuiSvgIcon-root MuiSvgIcon-fontSizeMedium css-i4bv87-MuiSvgIcon-root"
        data-testid="DeleteOutlineIcon"
        focusable="false"
        viewBox="0 0 24 24"
      >
        <path
          d="M6 19c0 1.1.9 2 2 2h8c1.1 0 2-.9 2-2V7H6v12zM8 9h8v10H8V9zm7.5-5-1-1h-5l-1 1H5v2h14V4z"
        />
      </svg>
    </button>
  </div>
</div>
`;
