// Jest Snapshot v1, https://goo.gl/fbAQLP

exports[`TaskItem should match the snapshot 1`] = `
Array [
  <div
    aria-describedby="rbd-hidden-text-0-hidden-text-0"
    className="makeStyles-container-1"
    data-rbd-drag-handle-context-id="0"
    data-rbd-drag-handle-draggable-id="uuid-1"
    data-rbd-draggable-context-id="0"
    data-rbd-draggable-id="uuid-1"
    draggable={false}
    onDragStart={[Function]}
    onTransitionEnd={null}
    role="button"
    style={
      Object {
        "transform": null,
        "transition": null,
      }
    }
    tabIndex={0}
  >
    <div>
      <div
        className="makeStyles-completedTask-3"
        onClick={[Function]}
        style={
          Object {
            "alignItems": "center",
            "display": "flex",
            "flexDirection": "row",
            "justifyContent": "flex-start",
            "width": "initial",
          }
        }
      >
        <div
          onClick={[Function]}
          style={
            Object {
              "alignItems": "center",
              "display": "flex",
              "flexDirection": "row",
              "justifyContent": "flex-start",
              "width": "initial",
            }
          }
        >
          <span
            className="MuiCheckbox-root MuiCheckbox-colorPrimary MuiButtonBase-root MuiCheckbox-root MuiCheckbox-colorPrimary PrivateSwitchBase-root Mui-checked css-12wnr2w-MuiButtonBase-root-MuiCheckbox-root"
            onBlur={[Function]}
            onContextMenu={[Function]}
            onDragLeave={[Function]}
            onFocus={[Function]}
            onKeyDown={[Function]}
            onKeyUp={[Function]}
            onMouseDown={[Function]}
            onMouseLeave={[Function]}
            onMouseUp={[Function]}
            onTouchEnd={[Function]}
            onTouchMove={[Function]}
            onTouchStart={[Function]}
            tabIndex={null}
          >
            <input
              className="PrivateSwitchBase-input css-1m9pwf3"
              data-indeterminate={false}
              defaultChecked={true}
              onChange={[Function]}
              type="checkbox"
            />
            <svg
              aria-hidden={true}
              className="MuiSvgIcon-root MuiSvgIcon-fontSizeSmall css-ptiqhd-MuiSvgIcon-root"
              data-testid="CheckCircleOutlineIcon"
              focusable="false"
              viewBox="0 0 24 24"
            >
              <path
                d="M16.59 7.58 10 14.17l-3.59-3.58L5 12l5 5 8-8zM12 2C6.48 2 2 6.48 2 12s4.48 10 10 10 10-4.48 10-10S17.52 2 12 2zm0 18c-4.42 0-8-3.58-8-8s3.58-8 8-8 8 3.58 8 8-3.58 8-8 8z"
              />
            </svg>
          </span>
          <div
            className="makeStyles-title-4"
          >
            [{"type":"paragraph","children":[{"text":"new task for 123 "},{"text":""}]}]
          </div>
        </div>
      </div>
      <div
        className="makeStyles-date-2"
        style={
          Object {
            "color": "#b0b0b0",
          }
        }
      >
        12 Nov, 2021
      </div>
    </div>
  </div>,
  " ",
]
`;
