// Jest Snapshot v1, https://goo.gl/fbAQLP

exports[`MenuSkeleton should match the snapshot 1`] = `
<div
  className="MuiBox-root css-38zrbw"
>
  <span
    className="MuiSkeleton-root MuiSkeleton-text MuiSkeleton-pulse css-1n7gpw1-MuiSkeleton-root"
    style={
      Object {
        "height": 30,
        "width": undefined,
      }
    }
  />
  <span
    className="MuiSkeleton-root MuiSkeleton-text MuiSkeleton-pulse css-1n7gpw1-MuiSkeleton-root"
    style={
      Object {
        "height": 30,
        "width": undefined,
      }
    }
  />
  <span
    className="MuiSkeleton-root MuiSkeleton-text MuiSkeleton-pulse css-1n7gpw1-MuiSkeleton-root"
    style={
      Object {
        "height": 30,
        "width": undefined,
      }
    }
  />
  <span
    className="MuiSkeleton-root MuiSkeleton-text MuiSkeleton-pulse css-1n7gpw1-MuiSkeleton-root"
    style={
      Object {
        "height": 30,
        "width": undefined,
      }
    }
  />
</div>
`;
