// Jest Snapshot v1, https://goo.gl/fbAQLP

exports[`EmailChange should match the snapshot 1`] = `
<div
  className="makeStyles-container-1 MuiBox-root css-0"
>
  <div
    className="MuiBox-root css-0"
  >
    <button
      className="MuiButton-root MuiButton-text MuiButton-textPrimary MuiButton-sizeMedium MuiButton-textSizeMedium MuiButtonBase-root css-1e6y48t-MuiButtonBase-root-MuiButton-root"
      data-testid="back-button"
      disabled={false}
      onBlur={[Function]}
      onClick={[MockFunction]}
      onContextMenu={[Function]}
      onDragLeave={[Function]}
      onFocus={[Function]}
      onKeyDown={[Function]}
      onKeyUp={[Function]}
      onMouseDown={[Function]}
      onMouseLeave={[Function]}
      onMouseUp={[Function]}
      onTouchEnd={[Function]}
      onTouchMove={[Function]}
      onTouchStart={[Function]}
      tabIndex={0}
      type="button"
    >
      <span
        className="MuiButton-startIcon MuiButton-iconSizeMedium css-1d6wzja-MuiButton-startIcon"
      >
        <svg
          aria-hidden={true}
          className="MuiSvgIcon-root MuiSvgIcon-fontSizeMedium css-i4bv87-MuiSvgIcon-root"
          data-testid="ChevronLeftIcon"
          focusable="false"
          viewBox="0 0 24 24"
        >
          <path
            d="M15.41 7.41 14 6l-6 6 6 6 1.41-1.41L10.83 12z"
          />
        </svg>
      </span>
      change.back
    </button>
  </div>
  <div
    className="makeStyles-titleContainer-4 MuiBox-root css-0"
  >
    <p
      className="makeStyles-title-5"
    >
      change.emailChangeTitle
    </p>
    <p
      className="makeStyles-subtitle-6"
    >
      change.currentEmail
      <b>
        email@email.com
      </b>
    </p>
  </div>
  <form
    onSubmit={[Function]}
  >
    <div
      className="makeStyles-formContainer-2"
      onClick={[Function]}
      style={
        Object {
          "alignItems": "flex-start",
          "display": "flex",
          "flexDirection": "column",
          "justifyContent": "flex-start",
          "width": "initial",
        }
      }
    >
      <div
        className="MuiFormControl-root MuiTextField-root makeStyles-input-3 css-1u3bzj6-MuiFormControl-root-MuiTextField-root"
      >
        <label
          className="MuiInputLabel-root MuiInputLabel-formControl MuiInputLabel-animated MuiInputLabel-sizeSmall MuiInputLabel-outlined MuiFormLabel-root MuiFormLabel-colorPrimary css-1pysi21-MuiFormLabel-root-MuiInputLabel-root"
          data-shrink={false}
        >
          change.newEmail
        </label>
        <div
          className="MuiOutlinedInput-root MuiInputBase-root MuiInputBase-colorPrimary MuiInputBase-formControl MuiInputBase-sizeSmall css-9ddj71-MuiInputBase-root-MuiOutlinedInput-root"
          onClick={[Function]}
        >
          <input
            aria-invalid={false}
            autoFocus={false}
            className="MuiOutlinedInput-input MuiInputBase-input MuiInputBase-inputSizeSmall css-1n4twyu-MuiInputBase-input-MuiOutlinedInput-input"
            data-testid="new-email-field"
            disabled={false}
            name="newEmail"
            onAnimationStart={[Function]}
            onBlur={[Function]}
            onChange={[Function]}
            onFocus={[Function]}
            required={false}
            type="text"
            value=""
          />
          <fieldset
            aria-hidden={true}
            className="MuiOutlinedInput-notchedOutline css-1d3z3hw-MuiOutlinedInput-notchedOutline"
          >
            <legend
              className="css-dhh0px"
            >
              <span>
                change.newEmail
              </span>
            </legend>
          </fieldset>
        </div>
      </div>
      <div
        className="MuiFormControl-root MuiTextField-root makeStyles-input-3 css-1u3bzj6-MuiFormControl-root-MuiTextField-root"
      >
        <label
          className="MuiInputLabel-root MuiInputLabel-formControl MuiInputLabel-animated MuiInputLabel-sizeSmall MuiInputLabel-outlined MuiFormLabel-root MuiFormLabel-colorPrimary css-1pysi21-MuiFormLabel-root-MuiInputLabel-root"
          data-shrink={false}
        >
          change.confirmNewEmail
        </label>
        <div
          className="MuiOutlinedInput-root MuiInputBase-root MuiInputBase-colorPrimary MuiInputBase-formControl MuiInputBase-sizeSmall css-9ddj71-MuiInputBase-root-MuiOutlinedInput-root"
          onClick={[Function]}
        >
          <input
            aria-invalid={false}
            autoFocus={false}
            className="MuiOutlinedInput-input MuiInputBase-input MuiInputBase-inputSizeSmall css-1n4twyu-MuiInputBase-input-MuiOutlinedInput-input"
            data-testid="repeat-email-field"
            disabled={false}
            name="confirmNewEmail"
            onAnimationStart={[Function]}
            onBlur={[Function]}
            onChange={[Function]}
            onFocus={[Function]}
            required={false}
            type="text"
            value=""
          />
          <fieldset
            aria-hidden={true}
            className="MuiOutlinedInput-notchedOutline css-1d3z3hw-MuiOutlinedInput-notchedOutline"
          >
            <legend
              className="css-dhh0px"
            >
              <span>
                change.confirmNewEmail
              </span>
            </legend>
          </fieldset>
        </div>
      </div>
    </div>
    <div
      onClick={[Function]}
      style={
        Object {
          "alignItems": "flex-start",
          "display": "flex",
          "flexDirection": "row",
          "justifyContent": "flex-start",
          "width": "initial",
        }
      }
    >
      <button
        className="MuiLoadingButton-root MuiButton-root MuiButton-contained MuiButton-containedPrimary MuiButton-sizeMedium MuiButton-containedSizeMedium MuiButtonBase-root Mui-disabled makeStyles-saveButton-7 css-1twrztz-MuiButtonBase-root-MuiButton-root-MuiLoadingButton-root"
        data-testid="submit-button"
        disabled={true}
        onBlur={[Function]}
        onContextMenu={[Function]}
        onDragLeave={[Function]}
        onFocus={[Function]}
        onKeyDown={[Function]}
        onKeyUp={[Function]}
        onMouseDown={[Function]}
        onMouseLeave={[Function]}
        onMouseUp={[Function]}
        onTouchEnd={[Function]}
        onTouchMove={[Function]}
        onTouchStart={[Function]}
        tabIndex={-1}
        type="submit"
      >
        change.save
      </button>
    </div>
  </form>
</div>
`;
