// Jest Snapshot v1, https://goo.gl/fbAQLP

exports[`SiteWrapperList should match the snapshot 1`] = `
<div>
  <div
    className="makeStyles-titleContainer-1"
    onClick={[Function]}
    style={
      Object {
        "alignItems": "center",
        "display": "flex",
        "justifyContent": "flex-start",
        "width": "initial",
      }
    }
  />
  <div>
    test
  </div>
</div>
`;
