// Jest Snapshot v1, https://goo.gl/fbAQLP

exports[`ThemeItem should match the snapshot 1`] = `
<div
  className="makeStyles-container-1"
  id="theme-red"
  onClick={[Function]}
>
  <div>
    <div
      className="makeStyles-title-2 makeStyles-title-6"
    >
      red
    </div>
    <div
      className="makeStyles-skeleton-3"
    >
      <div
        onClick={[Function]}
        style={
          Object {
            "alignItems": "center",
            "display": "flex",
            "flexDirection": "row",
            "justifyContent": "flex-start",
            "width": "initial",
          }
        }
      >
        <span
          className="MuiSkeleton-root MuiSkeleton-rectangular css-14wtl70-MuiSkeleton-root"
          style={
            Object {
              "height": 9,
              "width": 10,
            }
          }
        />
        <span
          className="MuiSkeleton-root MuiSkeleton-text makeStyles-textSkeleton-4 css-1l6af8c-MuiSkeleton-root"
          style={
            Object {
              "height": 15,
              "width": "100%",
            }
          }
        />
      </div>
      <div
        onClick={[Function]}
        style={
          Object {
            "alignItems": "center",
            "display": "flex",
            "flexDirection": "row",
            "justifyContent": "flex-start",
            "width": "initial",
          }
        }
      >
        <span
          className="MuiSkeleton-root MuiSkeleton-rectangular css-14wtl70-MuiSkeleton-root"
          style={
            Object {
              "height": 9,
              "width": 10,
            }
          }
        />
        <span
          className="MuiSkeleton-root MuiSkeleton-text makeStyles-textSkeleton-4 css-1l6af8c-MuiSkeleton-root"
          style={
            Object {
              "height": 15,
              "width": "100%",
            }
          }
        />
      </div>
      <div
        onClick={[Function]}
        style={
          Object {
            "alignItems": "center",
            "display": "flex",
            "flexDirection": "row",
            "justifyContent": "flex-start",
            "width": "initial",
          }
        }
      >
        <span
          className="MuiSkeleton-root MuiSkeleton-rectangular css-14wtl70-MuiSkeleton-root"
          style={
            Object {
              "height": 9,
              "width": 10,
            }
          }
        />
        <span
          className="MuiSkeleton-root MuiSkeleton-text makeStyles-textSkeleton-4 css-1l6af8c-MuiSkeleton-root"
          style={
            Object {
              "height": 15,
              "width": "100%",
            }
          }
        />
      </div>
    </div>
  </div>
</div>
`;
